// Jest Snapshot v1, https://goo.gl/fbAQLP

exports[`App snapshot test renders correctly 1`] = `
<View
  accessibilityRole="button"
  accessibilityState={
    {
      "busy": undefined,
      "checked": undefined,
      "disabled": undefined,
      "expanded": undefined,
      "selected": undefined,
    }
  }
  accessibilityValue={
    {
      "max": undefined,
      "min": undefined,
      "now": undefined,
      "text": undefined,
    }
  }
  accessible={true}
  collapsable={false}
  focusable={false}
  onClick={[Function]}
  onResponderGrant={[Function]}
  onResponderMove={[Function]}
  onResponderRelease={[Function]}
  onResponderTerminate={[Function]}
  onResponderTerminationRequest={[Function]}
  onStartShouldSetResponder={[Function]}
  style={
    {
      "opacity": 1,
    }
  }
>
  <View
    style={
      [
        {},
      ]
    }
  >
    <Text
      style={
        [
          {
            "color": "#007AFF",
            "fontSize": 18,
            "margin": 8,
            "textAlign": "center",
          },
        ]
      }
    >
      hello
    </Text>
  </View>
</View>
`;
